[2023-09-22 18:19:33,582] 37 Nasir - INFO - Starting
[2023-09-22 18:19:33,583] 37 Nasir - INFO - Ending
